  Determinando los proyectos que se van a restaurar...
  Todos los proyectos están actualizados para la restauración.
  Staffinity.Personal.Domain -> /home/Coder/RiderProjects/staffinity-personal-service/src/Staffinity.Personal.Domain/bin/Debug/net10.0/Staffinity.Personal.Domain.dll
  Staffinity.Personal.Application -> /home/Coder/RiderProjects/staffinity-personal-service/src/Staffinity.Personal.Application/bin/Debug/net10.0/Staffinity.Personal.Application.dll
  Staffinity.Personal.Infrastructure -> /home/Coder/RiderProjects/staffinity-personal-service/src/Staffinity.Personal.Infrastructure/bin/Debug/net10.0/Staffinity.Personal.Infrastructure.dll
  Staffinity.Personal.Api -> /home/Coder/RiderProjects/staffinity-personal-service/src/Staffinity.Personal.Api/bin/Debug/net10.0/Staffinity.Personal.Api.dll
  Staffinity.Personal.Test -> /home/Coder/RiderProjects/staffinity-personal-service/src/Staffinity.Personal.Test/bin/Debug/net10.0/Staffinity.Personal.Test.dll
Serie de pruebas para /home/Coder/RiderProjects/staffinity-personal-service/src/Staffinity.Personal.Test/bin/Debug/net10.0/Staffinity.Personal.Test.dll (.NETCoreApp,Version=v10.0)
Versión 18.0.1 (x64) de VSTest

Iniciando la ejecución de pruebas, espere...
1 archivos de prueba en total coincidieron con el patrón especificado.
[xUnit.net 00:00:00.36]     Staffinity.Personal.Test.Modules.AiIntelligence.Controller.AiControllerTests.Post_AiQuery_VerifyDtoMapping [FAIL]
[xUnit.net 00:00:00.36]     Staffinity.Personal.Test.Modules.AiIntelligence.Controller.AiControllerTests.Post_AiQuery_AsHr_ReturnsOkWithInsight [FAIL]
[xUnit.net 00:00:00.37]     Staffinity.Personal.Test.Modules.AiIntelligence.Controller.AiControllerTests.Post_AiQuery_AsAdmin_ReturnsOkWithInsight [FAIL]
[xUnit.net 00:00:00.37]     Staffinity.Personal.Test.Modules.AiIntelligence.Controller.AiControllerTests.Post_AiQuery_InvalidRole_ReturnsForbidden [FAIL]
  Con error Staffinity.Personal.Test.Modules.AiIntelligence.Controller.AiControllerTests.Post_AiQuery_VerifyDtoMapping [241 ms]
  Mensaje de error:
   System.InvalidOperationException : Unable to resolve service for type 'Staffinity.Personal.Application.Modules.AiIntelligence.Services.IStrategyRouter' while attempting to activate 'Staffinity.Personal.Application.Modules.AiIntelligence.UseCases.AskAiWithContextUseCase'.
  Seguimiento de la pila:
     at Microsoft.Extensions.DependencyInjection.ServiceLookup.CallSiteFactory.CreateArgumentCallSites(ServiceIdentifier serviceIdentifier, Type implementationType, CallSiteChain callSiteChain, ParameterInfo[] parameters, Boolean throwIfCallSiteNotFound)
   at Microsoft.Extensions.DependencyInjection.ServiceLookup.CallSiteFactory.CreateConstructorCallSite(ResultCache lifetime, ServiceIdentifier serviceIdentifier, Type implementationType, CallSiteChain callSiteChain)
   at Microsoft.Extensions.DependencyInjection.ServiceLookup.CallSiteFactory.CreateExact(ServiceDescriptor descriptor, ServiceIdentifier serviceIdentifier, CallSiteChain callSiteChain, Int32 slot)
   at Microsoft.Extensions.DependencyInjection.ServiceLookup.CallSiteFactory.TryCreateExact(ServiceDescriptor descriptor, ServiceIdentifier serviceIdentifier, CallSiteChain callSiteChain, Int32 slot)
   at Microsoft.Extensions.DependencyInjection.ServiceLookup.CallSiteFactory.TryCreateExact(ServiceIdentifier serviceIdentifier, CallSiteChain callSiteChain)
   at Microsoft.Extensions.DependencyInjection.ServiceLookup.CallSiteFactory.CreateCallSite(ServiceIdentifier serviceIdentifier, CallSiteChain callSiteChain)
   at Microsoft.Extensions.DependencyInjection.ServiceLookup.CallSiteFactory.GetCallSite(ServiceIdentifier serviceIdentifier, CallSiteChain callSiteChain)
   at Microsoft.Extensions.DependencyInjection.ServiceProvider.CreateServiceAccessor(ServiceIdentifier serviceIdentifier)
   at System.Collections.Concurrent.ConcurrentDictionary`2.GetOrAdd(TKey key, Func`2 valueFactory)
   at Microsoft.Extensions.DependencyInjection.ServiceProvider.GetService(ServiceIdentifier serviceIdentifier, ServiceProviderEngineScope serviceProviderEngineScope)
   at Microsoft.Extensions.DependencyInjection.ServiceLookup.ServiceProviderEngineScope.GetService(Type serviceType)
   at lambda_method51(Closure, IServiceProvider, Object[])
   at Microsoft.AspNetCore.Mvc.Controllers.ControllerFactoryProvider.<>c__DisplayClass6_0.<CreateControllerFactory>g__CreateController|0(ControllerContext controllerContext)
   at Microsoft.AspNetCore.Mvc.Infrastructure.ControllerActionInvoker.Next(State& next, Scope& scope, Object& state, Boolean& isCompleted)
   at Microsoft.AspNetCore.Mvc.Infrastructure.ControllerActionInvoker.InvokeInnerFilterAsync()
--- End of stack trace from previous location ---
   at Microsoft.AspNetCore.Mvc.Infrastructure.ResourceInvoker.<InvokeFilterPipelineAsync>g__Awaited|20_0(ResourceInvoker invoker, Task lastTask, State next, Scope scope, Object state, Boolean isCompleted)
   at Microsoft.AspNetCore.Mvc.Infrastructure.ResourceInvoker.<InvokeAsync>g__Awaited|17_0(ResourceInvoker invoker, Task task, IDisposable scope)
   at Microsoft.AspNetCore.Mvc.Infrastructure.ResourceInvoker.<InvokeAsync>g__Awaited|17_0(ResourceInvoker invoker, Task task, IDisposable scope)
   at Swashbuckle.AspNetCore.SwaggerUI.SwaggerUIMiddleware.Invoke(HttpContext httpContext)
   at Swashbuckle.AspNetCore.Swagger.SwaggerMiddleware.Invoke(HttpContext httpContext, ISwaggerProvider swaggerProvider)
   at Microsoft.AspNetCore.Authorization.AuthorizationMiddleware.Invoke(HttpContext context)
   at Microsoft.AspNetCore.Authentication.AuthenticationMiddleware.Invoke(HttpContext context)
   at Microsoft.AspNetCore.TestHost.HttpContextBuilder.<>c__DisplayClass23_0.<<SendAsync>g__RunRequestAsync|0>d.MoveNext()
--- End of stack trace from previous location ---
   at Microsoft.AspNetCore.TestHost.ClientHandler.SendAsync(HttpRequestMessage request, CancellationToken cancellationToken)
   at Microsoft.AspNetCore.Mvc.Testing.Handlers.CookieContainerHandler.SendAsync(HttpRequestMessage request, CancellationToken cancellationToken)
   at Microsoft.AspNetCore.Mvc.Testing.Handlers.RedirectHandler.SendAsync(HttpRequestMessage request, CancellationToken cancellationToken)
   at System.Net.Http.HttpClient.<SendAsync>g__Core|83_0(HttpRequestMessage request, HttpCompletionOption completionOption, CancellationTokenSource cts, Boolean disposeCts, CancellationTokenSource pendingRequestsCts, CancellationToken originalCancellationToken)
   at Staffinity.Personal.Test.Modules.AiIntelligence.Controller.AiControllerTests.Post_AiQuery_VerifyDtoMapping() in /home/Coder/RiderProjects/staffinity-personal-service/src/Staffinity.Personal.Test/Modules/AiIntelligence/Controller/AiControllerTests.cs:line 106
--- End of stack trace from previous location ---
  Con error Staffinity.Personal.Test.Modules.AiIntelligence.Controller.AiControllerTests.Post_AiQuery_AsHr_ReturnsOkWithInsight [4 ms]
  Mensaje de error:
   System.InvalidOperationException : Unable to resolve service for type 'Staffinity.Personal.Application.Modules.AiIntelligence.Services.IStrategyRouter' while attempting to activate 'Staffinity.Personal.Application.Modules.AiIntelligence.UseCases.AskAiWithContextUseCase'.
  Seguimiento de la pila:
     at Microsoft.Extensions.DependencyInjection.ServiceLookup.CallSiteFactory.CreateArgumentCallSites(ServiceIdentifier serviceIdentifier, Type implementationType, CallSiteChain callSiteChain, ParameterInfo[] parameters, Boolean throwIfCallSiteNotFound)
   at Microsoft.Extensions.DependencyInjection.ServiceLookup.CallSiteFactory.CreateConstructorCallSite(ResultCache lifetime, ServiceIdentifier serviceIdentifier, Type implementationType, CallSiteChain callSiteChain)
   at Microsoft.Extensions.DependencyInjection.ServiceLookup.CallSiteFactory.CreateExact(ServiceDescriptor descriptor, ServiceIdentifier serviceIdentifier, CallSiteChain callSiteChain, Int32 slot)
   at Microsoft.Extensions.DependencyInjection.ServiceLookup.CallSiteFactory.TryCreateExact(ServiceDescriptor descriptor, ServiceIdentifier serviceIdentifier, CallSiteChain callSiteChain, Int32 slot)
   at Microsoft.Extensions.DependencyInjection.ServiceLookup.CallSiteFactory.TryCreateExact(ServiceIdentifier serviceIdentifier, CallSiteChain callSiteChain)
   at Microsoft.Extensions.DependencyInjection.ServiceLookup.CallSiteFactory.CreateCallSite(ServiceIdentifier serviceIdentifier, CallSiteChain callSiteChain)
   at Microsoft.Extensions.DependencyInjection.ServiceLookup.CallSiteFactory.GetCallSite(ServiceIdentifier serviceIdentifier, CallSiteChain callSiteChain)
   at Microsoft.Extensions.DependencyInjection.ServiceProvider.CreateServiceAccessor(ServiceIdentifier serviceIdentifier)
   at System.Collections.Concurrent.ConcurrentDictionary`2.GetOrAdd(TKey key, Func`2 valueFactory)
   at Microsoft.Extensions.DependencyInjection.ServiceProvider.GetService(ServiceIdentifier serviceIdentifier, ServiceProviderEngineScope serviceProviderEngineScope)
   at Microsoft.Extensions.DependencyInjection.ServiceLookup.ServiceProviderEngineScope.GetService(Type serviceType)
   at lambda_method51(Closure, IServiceProvider, Object[])
   at Microsoft.AspNetCore.Mvc.Controllers.ControllerFactoryProvider.<>c__DisplayClass6_0.<CreateControllerFactory>g__CreateController|0(ControllerContext controllerContext)
   at Microsoft.AspNetCore.Mvc.Infrastructure.ControllerActionInvoker.Next(State& next, Scope& scope, Object& state, Boolean& isCompleted)
   at Microsoft.AspNetCore.Mvc.Infrastructure.ControllerActionInvoker.InvokeInnerFilterAsync()
--- End of stack trace from previous location ---
   at Microsoft.AspNetCore.Mvc.Infrastructure.ResourceInvoker.<InvokeFilterPipelineAsync>g__Awaited|20_0(ResourceInvoker invoker, Task lastTask, State next, Scope scope, Object state, Boolean isCompleted)
   at Microsoft.AspNetCore.Mvc.Infrastructure.ResourceInvoker.<InvokeAsync>g__Awaited|17_0(ResourceInvoker invoker, Task task, IDisposable scope)
   at Microsoft.AspNetCore.Mvc.Infrastructure.ResourceInvoker.<InvokeAsync>g__Awaited|17_0(ResourceInvoker invoker, Task task, IDisposable scope)
   at Swashbuckle.AspNetCore.SwaggerUI.SwaggerUIMiddleware.Invoke(HttpContext httpContext)
   at Swashbuckle.AspNetCore.Swagger.SwaggerMiddleware.Invoke(HttpContext httpContext, ISwaggerProvider swaggerProvider)
   at Microsoft.AspNetCore.Authorization.AuthorizationMiddleware.Invoke(HttpContext context)
   at Microsoft.AspNetCore.Authentication.AuthenticationMiddleware.Invoke(HttpContext context)
   at Microsoft.AspNetCore.TestHost.HttpContextBuilder.<>c__DisplayClass23_0.<<SendAsync>g__RunRequestAsync|0>d.MoveNext()
--- End of stack trace from previous location ---
   at Microsoft.AspNetCore.TestHost.ClientHandler.SendAsync(HttpRequestMessage request, CancellationToken cancellationToken)
   at Microsoft.AspNetCore.Mvc.Testing.Handlers.CookieContainerHandler.SendAsync(HttpRequestMessage request, CancellationToken cancellationToken)
   at Microsoft.AspNetCore.Mvc.Testing.Handlers.RedirectHandler.SendAsync(HttpRequestMessage request, CancellationToken cancellationToken)
   at System.Net.Http.HttpClient.<SendAsync>g__Core|83_0(HttpRequestMessage request, HttpCompletionOption completionOption, CancellationTokenSource cts, Boolean disposeCts, CancellationTokenSource pendingRequestsCts, CancellationToken originalCancellationToken)
   at Staffinity.Personal.Test.Modules.AiIntelligence.Controller.AiControllerTests.Post_AiQuery_AsHr_ReturnsOkWithInsight() in /home/Coder/RiderProjects/staffinity-personal-service/src/Staffinity.Personal.Test/Modules/AiIntelligence/Controller/AiControllerTests.cs:line 32
--- End of stack trace from previous location ---
  Con error Staffinity.Personal.Test.Modules.AiIntelligence.Controller.AiControllerTests.Post_AiQuery_AsAdmin_ReturnsOkWithInsight [3 ms]
  Mensaje de error:
   System.InvalidOperationException : Unable to resolve service for type 'Staffinity.Personal.Application.Modules.AiIntelligence.Services.IStrategyRouter' while attempting to activate 'Staffinity.Personal.Application.Modules.AiIntelligence.UseCases.AskAiWithContextUseCase'.
  Seguimiento de la pila:
     at Microsoft.Extensions.DependencyInjection.ServiceLookup.CallSiteFactory.CreateArgumentCallSites(ServiceIdentifier serviceIdentifier, Type implementationType, CallSiteChain callSiteChain, ParameterInfo[] parameters, Boolean throwIfCallSiteNotFound)
   at Microsoft.Extensions.DependencyInjection.ServiceLookup.CallSiteFactory.CreateConstructorCallSite(ResultCache lifetime, ServiceIdentifier serviceIdentifier, Type implementationType, CallSiteChain callSiteChain)
   at Microsoft.Extensions.DependencyInjection.ServiceLookup.CallSiteFactory.CreateExact(ServiceDescriptor descriptor, ServiceIdentifier serviceIdentifier, CallSiteChain callSiteChain, Int32 slot)
   at Microsoft.Extensions.DependencyInjection.ServiceLookup.CallSiteFactory.TryCreateExact(ServiceDescriptor descriptor, ServiceIdentifier serviceIdentifier, CallSiteChain callSiteChain, Int32 slot)
   at Microsoft.Extensions.DependencyInjection.ServiceLookup.CallSiteFactory.TryCreateExact(ServiceIdentifier serviceIdentifier, CallSiteChain callSiteChain)
   at Microsoft.Extensions.DependencyInjection.ServiceLookup.CallSiteFactory.CreateCallSite(ServiceIdentifier serviceIdentifier, CallSiteChain callSiteChain)
   at Microsoft.Extensions.DependencyInjection.ServiceLookup.CallSiteFactory.GetCallSite(ServiceIdentifier serviceIdentifier, CallSiteChain callSiteChain)
   at Microsoft.Extensions.DependencyInjection.ServiceProvider.CreateServiceAccessor(ServiceIdentifier serviceIdentifier)
   at System.Collections.Concurrent.ConcurrentDictionary`2.GetOrAdd(TKey key, Func`2 valueFactory)
   at Microsoft.Extensions.DependencyInjection.ServiceProvider.GetService(ServiceIdentifier serviceIdentifier, ServiceProviderEngineScope serviceProviderEngineScope)
   at Microsoft.Extensions.DependencyInjection.ServiceLookup.ServiceProviderEngineScope.GetService(Type serviceType)
   at lambda_method51(Closure, IServiceProvider, Object[])
   at Microsoft.AspNetCore.Mvc.Controllers.ControllerFactoryProvider.<>c__DisplayClass6_0.<CreateControllerFactory>g__CreateController|0(ControllerContext controllerContext)
   at Microsoft.AspNetCore.Mvc.Infrastructure.ControllerActionInvoker.Next(State& next, Scope& scope, Object& state, Boolean& isCompleted)
   at Microsoft.AspNetCore.Mvc.Infrastructure.ControllerActionInvoker.InvokeInnerFilterAsync()
--- End of stack trace from previous location ---
   at Microsoft.AspNetCore.Mvc.Infrastructure.ResourceInvoker.<InvokeFilterPipelineAsync>g__Awaited|20_0(ResourceInvoker invoker, Task lastTask, State next, Scope scope, Object state, Boolean isCompleted)
   at Microsoft.AspNetCore.Mvc.Infrastructure.ResourceInvoker.<InvokeAsync>g__Awaited|17_0(ResourceInvoker invoker, Task task, IDisposable scope)
   at Microsoft.AspNetCore.Mvc.Infrastructure.ResourceInvoker.<InvokeAsync>g__Awaited|17_0(ResourceInvoker invoker, Task task, IDisposable scope)
   at Swashbuckle.AspNetCore.SwaggerUI.SwaggerUIMiddleware.Invoke(HttpContext httpContext)
   at Swashbuckle.AspNetCore.Swagger.SwaggerMiddleware.Invoke(HttpContext httpContext, ISwaggerProvider swaggerProvider)
   at Microsoft.AspNetCore.Authorization.AuthorizationMiddleware.Invoke(HttpContext context)
   at Microsoft.AspNetCore.Authentication.AuthenticationMiddleware.Invoke(HttpContext context)
   at Microsoft.AspNetCore.TestHost.HttpContextBuilder.<>c__DisplayClass23_0.<<SendAsync>g__RunRequestAsync|0>d.MoveNext()
--- End of stack trace from previous location ---
   at Microsoft.AspNetCore.TestHost.ClientHandler.SendAsync(HttpRequestMessage request, CancellationToken cancellationToken)
   at Microsoft.AspNetCore.Mvc.Testing.Handlers.CookieContainerHandler.SendAsync(HttpRequestMessage request, CancellationToken cancellationToken)
   at Microsoft.AspNetCore.Mvc.Testing.Handlers.RedirectHandler.SendAsync(HttpRequestMessage request, CancellationToken cancellationToken)
   at System.Net.Http.HttpClient.<SendAsync>g__Core|83_0(HttpRequestMessage request, HttpCompletionOption completionOption, CancellationTokenSource cts, Boolean disposeCts, CancellationTokenSource pendingRequestsCts, CancellationToken originalCancellationToken)
   at Staffinity.Personal.Test.Modules.AiIntelligence.Controller.AiControllerTests.Post_AiQuery_AsAdmin_ReturnsOkWithInsight() in /home/Coder/RiderProjects/staffinity-personal-service/src/Staffinity.Personal.Test/Modules/AiIntelligence/Controller/AiControllerTests.cs:line 59
--- End of stack trace from previous location ---
  Con error Staffinity.Personal.Test.Modules.AiIntelligence.Controller.AiControllerTests.Post_AiQuery_InvalidRole_ReturnsForbidden [< 1 ms]
  Mensaje de error:
   System.InvalidOperationException : Unable to resolve service for type 'Staffinity.Personal.Application.Modules.AiIntelligence.Services.IStrategyRouter' while attempting to activate 'Staffinity.Personal.Application.Modules.AiIntelligence.UseCases.AskAiWithContextUseCase'.
  Seguimiento de la pila:
     at Microsoft.Extensions.DependencyInjection.ServiceLookup.CallSiteFactory.CreateArgumentCallSites(ServiceIdentifier serviceIdentifier, Type implementationType, CallSiteChain callSiteChain, ParameterInfo[] parameters, Boolean throwIfCallSiteNotFound)
   at Microsoft.Extensions.DependencyInjection.ServiceLookup.CallSiteFactory.CreateConstructorCallSite(ResultCache lifetime, ServiceIdentifier serviceIdentifier, Type implementationType, CallSiteChain callSiteChain)
   at Microsoft.Extensions.DependencyInjection.ServiceLookup.CallSiteFactory.CreateExact(ServiceDescriptor descriptor, ServiceIdentifier serviceIdentifier, CallSiteChain callSiteChain, Int32 slot)
   at Microsoft.Extensions.DependencyInjection.ServiceLookup.CallSiteFactory.TryCreateExact(ServiceDescriptor descriptor, ServiceIdentifier serviceIdentifier, CallSiteChain callSiteChain, Int32 slot)
   at Microsoft.Extensions.DependencyInjection.ServiceLookup.CallSiteFactory.TryCreateExact(ServiceIdentifier serviceIdentifier, CallSiteChain callSiteChain)
   at Microsoft.Extensions.DependencyInjection.ServiceLookup.CallSiteFactory.CreateCallSite(ServiceIdentifier serviceIdentifier, CallSiteChain callSiteChain)
   at Microsoft.Extensions.DependencyInjection.ServiceLookup.CallSiteFactory.GetCallSite(ServiceIdentifier serviceIdentifier, CallSiteChain callSiteChain)
   at Microsoft.Extensions.DependencyInjection.ServiceProvider.CreateServiceAccessor(ServiceIdentifier serviceIdentifier)
   at System.Collections.Concurrent.ConcurrentDictionary`2.GetOrAdd(TKey key, Func`2 valueFactory)
   at Microsoft.Extensions.DependencyInjection.ServiceProvider.GetService(ServiceIdentifier serviceIdentifier, ServiceProviderEngineScope serviceProviderEngineScope)
   at Microsoft.Extensions.DependencyInjection.ServiceLookup.ServiceProviderEngineScope.GetService(Type serviceType)
   at lambda_method51(Closure, IServiceProvider, Object[])
   at Microsoft.AspNetCore.Mvc.Controllers.ControllerFactoryProvider.<>c__DisplayClass6_0.<CreateControllerFactory>g__CreateController|0(ControllerContext controllerContext)
   at Microsoft.AspNetCore.Mvc.Infrastructure.ControllerActionInvoker.Next(State& next, Scope& scope, Object& state, Boolean& isCompleted)
   at Microsoft.AspNetCore.Mvc.Infrastructure.ControllerActionInvoker.InvokeInnerFilterAsync()
--- End of stack trace from previous location ---
   at Microsoft.AspNetCore.Mvc.Infrastructure.ResourceInvoker.<InvokeFilterPipelineAsync>g__Awaited|20_0(ResourceInvoker invoker, Task lastTask, State next, Scope scope, Object state, Boolean isCompleted)
   at Microsoft.AspNetCore.Mvc.Infrastructure.ResourceInvoker.<InvokeAsync>g__Awaited|17_0(ResourceInvoker invoker, Task task, IDisposable scope)
   at Microsoft.AspNetCore.Mvc.Infrastructure.ResourceInvoker.<InvokeAsync>g__Awaited|17_0(ResourceInvoker invoker, Task task, IDisposable scope)
   at Swashbuckle.AspNetCore.SwaggerUI.SwaggerUIMiddleware.Invoke(HttpContext httpContext)
   at Swashbuckle.AspNetCore.Swagger.SwaggerMiddleware.Invoke(HttpContext httpContext, ISwaggerProvider swaggerProvider)
   at Microsoft.AspNetCore.Authorization.AuthorizationMiddleware.Invoke(HttpContext context)
   at Microsoft.AspNetCore.Authentication.AuthenticationMiddleware.Invoke(HttpContext context)
   at Microsoft.AspNetCore.TestHost.HttpContextBuilder.<>c__DisplayClass23_0.<<SendAsync>g__RunRequestAsync|0>d.MoveNext()
--- End of stack trace from previous location ---
   at Microsoft.AspNetCore.TestHost.ClientHandler.SendAsync(HttpRequestMessage request, CancellationToken cancellationToken)
   at Microsoft.AspNetCore.Mvc.Testing.Handlers.CookieContainerHandler.SendAsync(HttpRequestMessage request, CancellationToken cancellationToken)
   at Microsoft.AspNetCore.Mvc.Testing.Handlers.RedirectHandler.SendAsync(HttpRequestMessage request, CancellationToken cancellationToken)
   at System.Net.Http.HttpClient.<SendAsync>g__Core|83_0(HttpRequestMessage request, HttpCompletionOption completionOption, CancellationTokenSource cts, Boolean disposeCts, CancellationTokenSource pendingRequestsCts, CancellationToken originalCancellationToken)
   at Staffinity.Personal.Test.Modules.AiIntelligence.Controller.AiControllerTests.Post_AiQuery_InvalidRole_ReturnsForbidden() in /home/Coder/RiderProjects/staffinity-personal-service/src/Staffinity.Personal.Test/Modules/AiIntelligence/Controller/AiControllerTests.cs:line 85
--- End of stack trace from previous location ---

Con error! - Con error:     4, Superado:     0, Omitido:     0, Total:     4, Duración: 248 ms - Staffinity.Personal.Test.dll (net10.0)
